ASxxxx Linker V03.00 + NoICE + sdld,  page 1.
Hexadecimal  [32-Bits]

Area                                    Addr        Size        Decimal Bytes (Attributes)
--------------------------------        ----        ----        ------- ----- ------------
.  .ABS.                            00000000    00000000 =           0. bytes (ABS,CON)

      Value  Global                              Global Defined In Module
      -----  --------------------------------   ------------------------
     00000000  .__.ABS.                           VDP_SPRITES
     00000000  l__CABS                         
     00000000  l__DABS                         
     00000000  l__GSFINAL                      
     00000000  l__GSINIT                       
     00000000  l__HEADER                       
     00000000  l__HEAP                         
     00000000  l__HOME                         
     00000000  l__INITIALIZED                  
     00000000  l__INITIALIZER                  
     00000000  s__CABS                         
     00000000  s__DABS                         
     00000000  s__HEADER                       
     00000000  s__HEADER0                      
     00000021  l__DATA                         
     0000006C  l__HEADER0                      
     00000170  s__CODE                         
     00000BBC  l__CODE                         
     00000D2C  s__DATA                         
     00000D4D  s__GSFINAL                      
     00000D4D  s__GSINIT                       
     00000D4D  s__HEAP                         
     00000D4D  s__HOME                         
     00000D4D  s__INITIALIZED                  
     00000D4D  s__INITIALIZER                  

ASxxxx Linker V03.00 + NoICE + sdld,  page 2.
Hexadecimal  [32-Bits]

Area                                    Addr        Size        Decimal Bytes (Attributes)
--------------------------------        ----        ----        ------- ----- ------------
_CODE                               00000170    00000BBC =        3004. bytes (REL,CON)

      Value  Global                              Global Defined In Module
      -----  --------------------------------   ------------------------
     00000170  _main                              Test_Sprites
     0000020A  _text01                            Test_Sprites
     00000227  _text02                            Test_Sprites
     00000235  _sprcol                            Test_Sprites
     0000023D  _SPRITE_DATA                       Test_Sprites
     0000037D  _SIN                               Test_Sprites
     0000049C  _System                            Test_Sprites
     000004AD  _SCREEN0                           Test_Sprites
     000004C4  _SCREEN1                           Test_Sprites
     000004DB  _INKEY                             Test_Sprites
     000004F2  _WAIT                              Test_Sprites
     00000503  _VPRINT                            Test_Sprites
     0000052F  _VPOKEARRAY                        Test_Sprites
     0000055F  _LOCATE                            Test_Sprites
     0000057F  _PRINT                             Test_Sprites
     000005A2  _PEEK                              Test_Sprites
     000005B4  _PEEKW                             Test_Sprites
     000005C9  _testSPRITES                       Test_Sprites
     00000884  _setSpritesPatterns                Test_Sprites
     0000089A  _showSprites                       Test_Sprites
     000008FB  _testSpriteVisible                 Test_Sprites
     0000093B  _testSpritePattern                 Test_Sprites
     00000957  _testSpriteColor                   Test_Sprites
     00000973  _testSpritePosition                Test_Sprites
     000009C1  _SCREEN                            
     00000A56  _CLS                               
     00000A71  _ClearSprites                      
     00000A91  _SetSpritesSize                    
     00000AB2  _SetSpritesZoom                    
     00000AD2  _COLOR                             
     00000AFE  _VPOKE                             
     00000B15  _VPEEK                             
     00000B2A  _FillVRAM                          
     00000B47  _CopyToVRAM                        
     00000B67  _CopyFromVRAM                      
     00000B87  _SetVDP                            
     00000B9B  writeVDP                           
     00000BB2  WriteByte2VRAM                     
     00000BD4  ReadByteFromVRAM                   
     00000BF2  fillVR                             
     00000C00  LDIR2VRAM                          
     00000C11  GETBLOCKfromVRAM                   
     00000C21  _PUTSPRITE                         VDP_SPRITES
     00000C59  _SetSpritePattern                  VDP_SPRITES
     00000C82  _SetSpriteColor                    VDP_SPRITES
     00000C9C  _SetSpritePosition                 VDP_SPRITES
     00000CBA  _SetSpriteVisible                  VDP_SPRITES
     00000CF2  _SetEarlyClock                     VDP_SPRITES
     00000D10  _UnsetEarlyClock                   VDP_SPRITES

ASxxxx Linker V03.00 + NoICE + sdld,  page 3.
Hexadecimal  [32-Bits]

Area                                    Addr        Size        Decimal Bytes (Attributes)
--------------------------------        ----        ----        ------- ----- ------------
_DATA                               00000D2C    00000021 =          33. bytes (REL,CON)

      Value  Global                              Global Defined In Module
      -----  --------------------------------   ------------------------
     00000D2C  __LineLength                       Test_Sprites
     00000D2D  _SPRITEYBUFF                       VDP_SPRITES

ASxxxx Linker V03.00 + NoICE + sdld,  page 4.
Hexadecimal  [32-Bits]

Area                                    Addr        Size        Decimal Bytes (Attributes)
--------------------------------        ----        ----        ------- ----- ------------
_HEADER0                            00000000    0000006C =         108. bytes (ABS,CON)

      Value  Global                              Global Defined In Module
      -----  --------------------------------   ------------------------
ASxxxx Linker V03.00 + NoICE + sdld,  page 5.

Files Linked                              [ module(s) ]

build\Test_Sprites.rel                    [ Test_Sprites ]
libs\crt0_MSXDOS.rel                      [  ]
libs\VDP_TMS9918A.rel                     [  ]
libs\VDP_SPRITES.rel                      [ VDP_SPRITES ]

ASxxxx Linker V03.00 + NoICE + sdld,  page 6.

User Base Address Definitions

_CODE = 0x0170
_DATA = 0x0000

